// Jest Snapshot v1, https://goo.gl/fbAQLP

exports[`validate Profile Generates Snapshot for Profile Component 1`] = `
<div>
  Loading...
</div>
`;
